APU_BEEP = $01FA
CHK_MOUSE = $01D7
C_APU_CTRL = $00EB
C_APU_SYNC = $00ED
C_APU_WRITE = $00EC
C_ATTR = $00E3
C_BOX_H = $00FE
C_BOX_W = $00FD
C_CH0 = $00F2
C_GFX_FILL = $00E9
C_GFX_GETPIX = $00EA
C_GRN_HI = $00FA
C_GRN_LO = $00F9
C_HID_KEY = $00EF
C_HID_MOUSE = $00F0
C_HID_POLL = $00EE
C_MASTER = $00F1
C_PAD = $00FF
C_PERIOD_HI = $00F6
C_PERIOD_LO = $00F5
C_PX_X = $00FB
C_PX_Y = $00FC
C_RED_HI = $00F8
C_RED_LO = $00F7
C_VDU_CLS = $00E4
C_VDU_CURSOR = $00E7
C_VDU_PRINT = $00E6
C_VDU_PUTCH = $00E5
C_VDU_VSYNC = $00E8
C_VOL = $00F3
C_WAVE_SQ = $00F4
DIAG_INIT = $011E
HID_KEY_ECHO = $01C1
HID_KEY_FIRST = $01BA
HID_MOUSE_FIRST = $01EC
INTERACT_LOOP = $01A5
PR_APU_PASS = $074E
PR_GFX_FAIL = $0689
PR_GFX_PASS = $05C4
PR_HID_K_PASS = $098D
PR_HID_K_RUN = $0813
PR_HID_M_PASS = $0A52
PR_HID_M_RUN = $08D0
PR_RULE = $02C0
PR_SYNC_PASS = $04FF
PR_TITLE = $0223
PR_VDU_FAIL = $043A
PR_VDU_PASS = $0375
START = $0100
TEST_APU_CH0 = $019E
TEST_GFX_CHK_HI = $018F
TEST_GFX_FAIL = $0196
TEST_GFX_PASS = $019A
TEST_GFX_PIXEL = $015D
TEST_VDU_TEXT = $0134
TEST_VDU_TEXT_OK = $0151
TEST_VDU_VSYNC = $0155
